--- Startup times for process: Primary (or UI client) ---

times in msec
 clock   self+sourced   self:  sourced script
 clock   elapsed:              other lines

000.009  000.009: --- NVIM STARTING ---
000.227  000.218: event init
000.749  000.522: early init
034.660  033.911: locale set
034.926  000.266: init first window
037.446  002.520: inits 1
037.886  000.440: window checked
037.922  000.035: parsing arguments
040.564  000.826  000.826: require('vim.shared')
041.941  000.374  000.374: require('vim.inspect')
042.442  000.456  000.456: require('vim._options')
042.456  001.867  001.037: require('vim._editor')
042.466  002.945  000.252: require('vim._init_packages')
042.486  001.619: init lua interpreter
051.956  009.471: nvim_ui_attach
052.611  000.654: nvim_set_client_info
052.629  000.018: --- NVIM STARTED ---

--- Startup times for process: Embedded ---

times in msec
 clock   self+sourced   self:  sourced script
 clock   elapsed:              other lines

000.010  000.010: --- NVIM STARTING ---
000.151  000.141: event init
000.480  000.330: early init
041.098  040.618: locale set
041.241  000.143: init first window
043.152  001.911: inits 1
043.306  000.155: window checked
043.326  000.020: parsing arguments
046.053  000.842  000.842: require('vim.shared')
047.454  000.496  000.496: require('vim.inspect')
048.156  000.637  000.637: require('vim._options')
048.172  002.105  000.973: require('vim._editor')
048.182  003.201  000.254: require('vim._init_packages')
048.205  001.677: init lua interpreter
049.048  000.844: expanding arguments
049.145  000.097: inits 2
051.149  002.004: init highlight
051.167  000.018: waiting for UI
051.688  000.521: done waiting for UI
051.731  000.043: clear screen
053.546  000.112  000.112: require('vim.keymap')
057.211  000.779  000.779: sourcing nvim_exec2()
068.953  017.206  016.315: require('vim._defaults')
068.974  000.037: init default mappings & autocommands
072.352  000.288  000.288: sourcing C:\Users\Veerapong\scoop\apps\neovim\current\share\nvim\runtime\ftplugin.vim
073.111  000.102  000.102: sourcing C:\Users\Veerapong\scoop\apps\neovim\current\share\nvim\runtime\indent.vim
075.210  000.730  000.730: require('core.options')
075.629  000.403  000.403: require('core.autocmds')
075.874  000.233  000.233: require('core.theme')
078.810  002.744  002.744: require('lazy')
078.942  000.068  000.068: require('ffi')
080.502  000.909  000.909: require('vim.fs')
081.277  000.758  000.758: require('vim.uri')
081.309  002.354  000.687: require('vim.loader')
082.258  000.715  000.715: require('lazy.stats')
082.983  000.421  000.421: require('lazy.core.util')
083.448  000.414  000.414: require('lazy.core.config')
084.198  000.400  000.400: require('lazy.core.handler')
085.298  000.425  000.425: require('lazy.pkg')
085.319  000.737  000.311: require('lazy.core.meta')
085.330  001.121  000.384: require('lazy.core.plugin')
085.347  001.889  000.368: require('lazy.core.loader')
086.457  000.311  000.311: require('lazy.core.fragments')
089.888  000.532  000.532: require('plugins.ai.windsurf')
089.901  000.861  000.329: require('plugins.ai')
090.674  000.340  000.340: require('plugins.editing.cmp')
091.112  000.426  000.426: require('plugins.editing.treesitter')
091.457  000.334  000.334: require('plugins.editing.undotree')
091.825  000.353  000.353: require('plugins.editing.markdown')
091.834  001.927  000.474: require('plugins.editing')
092.686  000.455  000.455: require('plugins.git.gitsigns')
093.139  000.442  000.442: require('plugins.git.neogit')
093.443  000.295  000.295: require('plugins.git.diffview')
093.453  001.613  000.421: require('plugins.git')
094.014  000.241  000.241: require('plugins.tools.mason')
094.272  000.249  000.249: require('plugins.tools.trouble')
094.520  000.238  000.238: require('plugins.tools.which-key')
094.528  001.071  000.343: require('plugins.tools')
095.038  000.242  000.242: require('plugins.ui.theme')
095.344  000.292  000.292: require('plugins.ui.lualine')
095.625  000.272  000.272: require('plugins.ui.noice')
095.891  000.257  000.257: require('plugins.ui.edgy')
097.101  000.496  000.496: require('core.utils')
097.177  001.278  000.782: require('plugins.ui.snacks')
097.188  002.655  000.314: require('plugins.ui')
102.214  000.429  000.429: require('lazy.core.handler.event')
102.251  000.918  000.489: require('lazy.core.handler.ft')
102.627  000.366  000.366: require('lazy.core.handler.keys')
103.199  000.551  000.551: require('lazy.core.handler.cmd')
103.834  000.011  000.011: sourcing nvim_exec2() called at C:\Users\Veerapong\AppData\Local\nvim\init.lua:0
103.909  000.006  000.006: sourcing nvim_exec2() called at C:\Users\Veerapong\AppData\Local\nvim\init.lua:0
111.714  001.960  001.960: sourcing nvim_exec2() called at C:\Users\Veerapong\scoop\apps\neovim\current\share/nvim/runtime/filetype.lua:0
111.729  002.451  000.491: sourcing C:\Users\Veerapong\scoop\apps\neovim\current\share/nvim/runtime/filetype.lua
111.771  003.086  000.634: sourcing nvim_exec2() called at C:\Users\Veerapong\AppData\Local\nvim\init.lua:0
112.878  000.388  000.388: sourcing C:/Users/Veerapong/AppData/Local/nvim-data/lazy/github-theme/plugin/github_theme.lua
112.908  000.723  000.335: sourcing nvim_exec2() called at C:\Users\Veerapong\AppData\Local\nvim\init.lua:0
112.926  000.004  000.004: sourcing nvim_exec2() called at C:\Users\Veerapong\AppData\Local\nvim\init.lua:0
112.978  000.004  000.004: sourcing nvim_exec2() called at C:\Users\Veerapong\AppData\Local\nvim\init.lua:0
116.519  000.422  000.422: require('github-theme.lib.collect')
116.986  000.456  000.456: require('github-theme.util')
117.067  001.253  000.376: require('github-theme.config')
117.466  000.393  000.393: require('github-theme.override')
117.489  004.501  002.855: require('github-theme')
118.551  000.339  000.339: require('github-theme.lib.hash')
134.235  000.395  000.395: require('github-theme.autocmds')
134.289  002.545  002.150: sourcing C:\Users\Veerapong\AppData\Local\nvim-data\lazy\github-theme\colors\github_dark_dimmed.vim
134.317  015.493  012.948: sourcing nvim_exec2() called at C:\Users\Veerapong\AppData\Local\nvim\init.lua:0
135.523  000.377  000.377: sourcing C:\Users\Veerapong\scoop\apps\neovim\current\share/nvim/runtime/plugin/editorconfig.lua
135.554  000.843  000.466: sourcing nvim_exec2() called at C:\Users\Veerapong\AppData\Local\nvim\init.lua:0
136.281  000.279  000.279: sourcing C:\Users\Veerapong\scoop\apps\neovim\current\share/nvim/runtime/plugin/gzip.vim
136.307  000.739  000.460: sourcing nvim_exec2() called at C:\Users\Veerapong\AppData\Local\nvim\init.lua:0
137.165  000.462  000.462: sourcing C:\Users\Veerapong\scoop\apps\neovim\current\share/nvim/runtime/plugin/man.lua
137.197  000.876  000.414: sourcing nvim_exec2() called at C:\Users\Veerapong\AppData\Local\nvim\init.lua:0
141.226  000.634  000.634: sourcing C:\Users\Veerapong\scoop\apps\neovim\current\share\nvim\runtime\pack\dist\opt\matchit\plugin\matchit.vim
141.354  003.758  003.124: sourcing C:\Users\Veerapong\scoop\apps\neovim\current\share/nvim/runtime/plugin/matchit.vim
141.392  004.180  000.421: sourcing nvim_exec2() called at C:\Users\Veerapong\AppData\Local\nvim\init.lua:0
142.071  000.270  000.270: sourcing C:\Users\Veerapong\scoop\apps\neovim\current\share/nvim/runtime/plugin/matchparen.vim
142.097  000.689  000.419: sourcing nvim_exec2() called at C:\Users\Veerapong\AppData\Local\nvim\init.lua:0
146.934  000.742  000.742: sourcing C:\Users\Veerapong\scoop\apps\neovim\current\share\nvim\runtime\pack\dist\opt\netrw\plugin\netrwPlugin.vim
147.051  004.545  003.804: sourcing C:\Users\Veerapong\scoop\apps\neovim\current\share/nvim/runtime/plugin/netrwPlugin.vim
147.076  004.964  000.419: sourcing nvim_exec2() called at C:\Users\Veerapong\AppData\Local\nvim\init.lua:0
147.937  000.291  000.291: sourcing C:\Users\Veerapong\scoop\apps\neovim\current\share/nvim/runtime/plugin/osc52.lua
147.969  000.795  000.504: sourcing nvim_exec2() called at C:\Users\Veerapong\AppData\Local\nvim\init.lua:0
149.239  000.799  000.799: sourcing C:\Users\Veerapong\scoop\apps\neovim\current\share/nvim/runtime/plugin/rplugin.vim
149.266  001.243  000.444: sourcing nvim_exec2() called at C:\Users\Veerapong\AppData\Local\nvim\init.lua:0
149.822  000.118  000.118: sourcing C:\Users\Veerapong\scoop\apps\neovim\current\share/nvim/runtime/plugin/shada.vim
149.848  000.565  000.447: sourcing nvim_exec2() called at C:\Users\Veerapong\AppData\Local\nvim\init.lua:0
150.416  000.070  000.070: sourcing C:\Users\Veerapong\scoop\apps\neovim\current\share/nvim/runtime/plugin/spellfile.vim
150.456  000.548  000.479: sourcing nvim_exec2() called at C:\Users\Veerapong\AppData\Local\nvim\init.lua:0
151.061  000.174  000.174: sourcing C:\Users\Veerapong\scoop\apps\neovim\current\share/nvim/runtime/plugin/tarPlugin.vim
151.087  000.615  000.441: sourcing nvim_exec2() called at C:\Users\Veerapong\AppData\Local\nvim\init.lua:0
151.841  000.264  000.264: sourcing C:\Users\Veerapong\scoop\apps\neovim\current\share/nvim/runtime/plugin/tohtml.lua
151.987  000.867  000.603: sourcing nvim_exec2() called at C:\Users\Veerapong\AppData\Local\nvim\init.lua:0
152.526  000.099  000.099: sourcing C:\Users\Veerapong\scoop\apps\neovim\current\share/nvim/runtime/plugin/tutor.vim
152.553  000.549  000.450: sourcing nvim_exec2() called at C:\Users\Veerapong\AppData\Local\nvim\init.lua:0
153.294  000.258  000.258: sourcing C:\Users\Veerapong\scoop\apps\neovim\current\share/nvim/runtime/plugin/zipPlugin.vim
153.321  000.753  000.495: sourcing nvim_exec2() called at C:\Users\Veerapong\AppData\Local\nvim\init.lua:0
154.191  080.138  017.502: require('core')
154.203  080.250  000.112: sourcing C:\Users\Veerapong\AppData\Local\nvim\init.lua
154.304  004.691: sourcing vimrc file(s)
157.485  000.342  000.342: sourcing C:\Users\Veerapong\scoop\apps\neovim\current\share\nvim\runtime\filetype.lua
160.258  000.194  000.194: sourcing C:\Users\Veerapong\scoop\apps\neovim\current\share\nvim\runtime\syntax\synload.vim
161.064  001.837  001.643: sourcing C:\Users\Veerapong\scoop\apps\neovim\current\share/nvim/runtime/syntax/syntax.vim
161.241  004.756: inits 3
162.019  000.778: opening buffers
162.892  000.874: BufEnter autocommands
162.910  000.018: editing files in windows
162.943  000.033: --- NVIM STARTED ---

--- Startup times for process: Primary (or UI client) ---

times in msec
 clock   self+sourced   self:  sourced script
 clock   elapsed:              other lines

000.021  000.021: --- NVIM STARTING ---
000.362  000.341: event init
000.836  000.474: early init
039.902  039.066: locale set
040.153  000.251: init first window
042.182  002.029: inits 1
042.442  000.260: window checked
042.463  000.021: parsing arguments
045.193  000.840  000.840: require('vim.shared')
046.706  000.374  000.374: require('vim.inspect')
047.182  000.433  000.433: require('vim._options')
047.192  001.978  001.171: require('vim._editor')
047.197  003.119  000.302: require('vim._init_packages')
047.212  001.629: init lua interpreter
058.230  011.018: nvim_ui_attach
059.070  000.840: nvim_set_client_info
059.095  000.025: --- NVIM STARTED ---

--- Startup times for process: Embedded ---

times in msec
 clock   self+sourced   self:  sourced script
 clock   elapsed:              other lines

000.015  000.015: --- NVIM STARTING ---
000.199  000.184: event init
000.576  000.378: early init
040.505  039.928: locale set
040.682  000.177: init first window
042.777  002.095: inits 1
042.939  000.162: window checked
042.963  000.024: parsing arguments
049.627  001.334  001.334: require('vim.shared')
055.827  000.812  000.812: require('vim.inspect')
056.540  000.624  000.624: require('vim._options')
056.559  006.873  005.437: require('vim._editor')
056.565  008.609  000.402: require('vim._init_packages')
056.588  005.016: init lua interpreter
057.302  000.714: expanding arguments
057.386  000.084: inits 2
058.496  001.111: init highlight
058.507  000.010: waiting for UI
058.895  000.388: done waiting for UI
058.920  000.026: clear screen
060.380  000.073  000.073: require('vim.keymap')
064.590  001.407  001.407: sourcing nvim_exec2()
086.827  027.898  026.418: require('vim._defaults')
086.925  000.107: init default mappings & autocommands
092.600  000.823  000.823: sourcing C:\Users\Veerapong\scoop\apps\neovim\current\share\nvim\runtime\ftplugin.vim
093.778  000.149  000.149: sourcing C:\Users\Veerapong\scoop\apps\neovim\current\share\nvim\runtime\indent.vim
099.727  000.976  000.976: require('core.options')
100.180  000.434  000.434: require('core.autocmds')
100.423  000.230  000.230: require('core.theme')
104.950  004.322  004.322: require('lazy')
105.318  000.154  000.154: require('ffi')
108.382  001.306  001.306: require('vim.fs')
109.268  000.859  000.859: require('vim.uri')
109.311  003.967  001.802: require('vim.loader')
110.519  000.935  000.935: require('lazy.stats')
111.295  000.459  000.459: require('lazy.core.util')
111.945  000.632  000.632: require('lazy.core.config')
114.322  001.175  001.175: require('lazy.core.handler')
116.221  000.453  000.453: require('lazy.pkg')
116.249  000.959  000.506: require('lazy.core.meta')
116.276  001.907  000.947: require('lazy.core.plugin')
116.307  004.346  001.264: require('lazy.core.loader')
117.720  000.534  000.534: require('lazy.core.fragments')
121.312  000.485  000.485: require('plugins.ai.windsurf')
121.333  001.012  000.526: require('plugins.ai')
122.315  000.566  000.566: require('plugins.editing.cmp')
122.765  000.437  000.437: require('plugins.editing.treesitter')
123.093  000.318  000.318: require('plugins.editing.undotree')
123.489  000.385  000.385: require('plugins.editing.markdown')
123.504  002.161  000.456: require('plugins.editing')
124.543  000.425  000.425: require('plugins.git.gitsigns')
124.970  000.414  000.414: require('plugins.git.neogit')
125.705  000.725  000.725: require('plugins.git.diffview')
125.731  002.215  000.651: require('plugins.git')
126.686  000.344  000.344: require('plugins.tools.mason')
127.015  000.316  000.316: require('plugins.tools.trouble')
127.307  000.283  000.283: require('plugins.tools.which-key')
127.316  001.573  000.630: require('plugins.tools')
127.886  000.267  000.267: require('plugins.ui.theme')
128.172  000.277  000.277: require('plugins.ui.lualine')
128.642  000.453  000.453: require('plugins.ui.noice')
129.728  001.019  001.019: require('plugins.ui.edgy')
131.254  000.467  000.467: require('core.utils')
131.355  001.588  001.121: require('plugins.ui.snacks')
131.365  004.043  000.439: require('plugins.ui')
134.973  000.339  000.339: require('lazy.core.handler.keys')
135.299  000.309  000.309: require('lazy.core.handler.event')
135.658  000.348  000.348: require('lazy.core.handler.ft')
135.998  000.329  000.329: require('lazy.core.handler.cmd')
137.874  000.017  000.017: sourcing nvim_exec2() called at C:\Users\Veerapong\AppData\Local\nvim\init.lua:0
137.949  000.005  000.005: sourcing nvim_exec2() called at C:\Users\Veerapong\AppData\Local\nvim\init.lua:0
143.130  002.203  002.203: sourcing nvim_exec2() called at C:\Users\Veerapong\scoop\apps\neovim\current\share/nvim/runtime/filetype.lua:0
143.155  002.633  000.430: sourcing C:\Users\Veerapong\scoop\apps\neovim\current\share/nvim/runtime/filetype.lua
143.203  003.172  000.539: sourcing nvim_exec2() called at C:\Users\Veerapong\AppData\Local\nvim\init.lua:0
144.609  000.403  000.403: sourcing C:/Users/Veerapong/AppData/Local/nvim-data/lazy/github-theme/plugin/github_theme.lua
144.647  000.827  000.425: sourcing nvim_exec2() called at C:\Users\Veerapong\AppData\Local\nvim\init.lua:0
144.670  000.006  000.006: sourcing nvim_exec2() called at C:\Users\Veerapong\AppData\Local\nvim\init.lua:0
144.738  000.005  000.005: sourcing nvim_exec2() called at C:\Users\Veerapong\AppData\Local\nvim\init.lua:0
150.898  000.370  000.370: require('github-theme.lib.collect')
151.346  000.434  000.434: require('github-theme.util')
151.602  001.437  000.633: require('github-theme.config')
152.017  000.405  000.405: require('github-theme.override')
152.043  007.291  005.449: require('github-theme')
153.313  000.471  000.471: require('github-theme.lib.hash')
174.093  000.517  000.517: require('github-theme.autocmds')
174.158  003.780  003.263: sourcing C:\Users\Veerapong\AppData\Local\nvim-data\lazy\github-theme\colors\github_dark_dimmed.vim
174.192  020.577  016.798: sourcing nvim_exec2() called at C:\Users\Veerapong\AppData\Local\nvim\init.lua:0
175.842  000.363  000.363: sourcing C:\Users\Veerapong\scoop\apps\neovim\current\share/nvim/runtime/plugin/editorconfig.lua
175.884  001.007  000.644: sourcing nvim_exec2() called at C:\Users\Veerapong\AppData\Local\nvim\init.lua:0
176.943  000.494  000.494: sourcing C:\Users\Veerapong\scoop\apps\neovim\current\share/nvim/runtime/plugin/gzip.vim
176.976  001.072  000.578: sourcing nvim_exec2() called at C:\Users\Veerapong\AppData\Local\nvim\init.lua:0
178.103  000.613  000.613: sourcing C:\Users\Veerapong\scoop\apps\neovim\current\share/nvim/runtime/plugin/man.lua
178.144  001.144  000.531: sourcing nvim_exec2() called at C:\Users\Veerapong\AppData\Local\nvim\init.lua:0
186.406  001.280  001.280: sourcing C:\Users\Veerapong\scoop\apps\neovim\current\share\nvim\runtime\pack\dist\opt\matchit\plugin\matchit.vim
186.576  007.495  006.215: sourcing C:\Users\Veerapong\scoop\apps\neovim\current\share/nvim/runtime/plugin/matchit.vim
186.612  008.433  000.938: sourcing nvim_exec2() called at C:\Users\Veerapong\AppData\Local\nvim\init.lua:0
187.716  000.471  000.471: sourcing C:\Users\Veerapong\scoop\apps\neovim\current\share/nvim/runtime/plugin/matchparen.vim
187.756  001.105  000.634: sourcing nvim_exec2() called at C:\Users\Veerapong\AppData\Local\nvim\init.lua:0
193.372  001.260  001.260: sourcing C:\Users\Veerapong\scoop\apps\neovim\current\share\nvim\runtime\pack\dist\opt\netrw\plugin\netrwPlugin.vim
193.548  005.109  003.850: sourcing C:\Users\Veerapong\scoop\apps\neovim\current\share/nvim/runtime/plugin/netrwPlugin.vim
193.577  005.699  000.590: sourcing nvim_exec2() called at C:\Users\Veerapong\AppData\Local\nvim\init.lua:0
194.649  000.455  000.455: sourcing C:\Users\Veerapong\scoop\apps\neovim\current\share/nvim/runtime/plugin/osc52.lua
194.691  001.066  000.612: sourcing nvim_exec2() called at C:\Users\Veerapong\AppData\Local\nvim\init.lua:0
196.871  001.474  001.474: sourcing C:\Users\Veerapong\scoop\apps\neovim\current\share/nvim/runtime/plugin/rplugin.vim
196.912  002.123  000.649: sourcing nvim_exec2() called at C:\Users\Veerapong\AppData\Local\nvim\init.lua:0
198.014  000.197  000.197: sourcing C:\Users\Veerapong\scoop\apps\neovim\current\share/nvim/runtime/plugin/shada.vim
198.054  000.933  000.737: sourcing nvim_exec2() called at C:\Users\Veerapong\AppData\Local\nvim\init.lua:0
198.819  000.114  000.114: sourcing C:\Users\Veerapong\scoop\apps\neovim\current\share/nvim/runtime/plugin/spellfile.vim
198.854  000.741  000.627: sourcing nvim_exec2() called at C:\Users\Veerapong\AppData\Local\nvim\init.lua:0
199.720  000.285  000.285: sourcing C:\Users\Veerapong\scoop\apps\neovim\current\share/nvim/runtime/plugin/tarPlugin.vim
199.764  000.881  000.597: sourcing nvim_exec2() called at C:\Users\Veerapong\AppData\Local\nvim\init.lua:0
200.780  000.408  000.408: sourcing C:\Users\Veerapong\scoop\apps\neovim\current\share/nvim/runtime/plugin/tohtml.lua
201.026  001.234  000.826: sourcing nvim_exec2() called at C:\Users\Veerapong\AppData\Local\nvim\init.lua:0
201.878  000.149  000.149: sourcing C:\Users\Veerapong\scoop\apps\neovim\current\share/nvim/runtime/plugin/tutor.vim
201.919  000.855  000.706: sourcing nvim_exec2() called at C:\Users\Veerapong\AppData\Local\nvim\init.lua:0
203.676  001.006  001.006: sourcing C:\Users\Veerapong\scoop\apps\neovim\current\share/nvim/runtime/plugin/zipPlugin.vim
203.723  001.725  000.719: sourcing nvim_exec2() called at C:\Users\Veerapong\AppData\Local\nvim\init.lua:0
204.619  109.551  019.841: require('core')
204.635  109.728  000.176: sourcing C:\Users\Veerapong\AppData\Local\nvim\init.lua
204.761  007.137: sourcing vimrc file(s)
208.809  000.394  000.394: sourcing C:\Users\Veerapong\scoop\apps\neovim\current\share\nvim\runtime\filetype.lua
211.917  000.286  000.286: sourcing C:\Users\Veerapong\scoop\apps\neovim\current\share\nvim\runtime\syntax\synload.vim
215.541  004.949  004.663: sourcing C:\Users\Veerapong\scoop\apps\neovim\current\share/nvim/runtime/syntax/syntax.vim
215.722  005.617: inits 3
216.694  000.973: opening buffers
217.775  001.081: BufEnter autocommands
217.799  000.024: editing files in windows
217.841  000.041: --- NVIM STARTED ---

